[2026-10-04 23:26:54.659] [INFO ] [log       ] HaoCam logger initialized -> C:\Users\fourk\AppData\Local\HaoCam\logs\haocam.log
[2026-10-04 23:26:54.659] [INFO ] [app       ] HaoCam 0.1.0 starting (build c4a21fb)
[2026-10-04 23:26:54.659] [INFO ] [config    ] Loaded config.json (facebetter.enabled=0, credentials=missing, huanface.enabled=1, tracking.enabled=1)
[2026-10-04 23:26:54.903] [INFO ] [app       ] Startup complete
[2026-10-04 23:26:54.906] [INFO ] [camera    ] Device 1: 'DroidCam Video' (virtual)
[2026-10-04 23:26:54.906] [INFO ] [camera    ] Device 2: 'Snap Camera' (virtual)
[2026-10-04 23:26:54.906] [INFO ] [camera    ] Device 3: 'WebCamera' (physical)
[2026-10-04 23:26:54.906] [INFO ] [camera    ] Device 4: 'SplitCam Video Driver' (virtual)
[2026-10-04 23:26:54.907] [INFO ] [camera    ] Enumerated 4 camera device(s)
[2026-10-04 23:26:55.122] [INFO ] [preview   ] VideoView sync #1 (compositor=null latestFrame=0)
[2026-10-04 23:26:55.122] [INFO ] [engine    ] attach: render thread handed over the device
[2026-10-04 23:26:55.122] [WARN ] [preview   ] No valid compositor yet; preview idle
[2026-10-04 23:26:55.150] [INFO ] [engine    ] Engine device created on the render device's DXGI adapter (same-adapter sharing)
[2026-10-04 23:26:55.150] [INFO ] [engine    ] Engine owns its own D3D11 device; output shared to Qt via D3D11 shared resources
[2026-10-04 23:26:55.150] [INFO ] [engine    ] attach-async: stage=pipeline-init
[2026-10-04 23:26:55.155] [INFO ] [preview   ] VideoView sync #2 (compositor=null latestFrame=0)
[2026-10-04 23:26:55.157] [WARN ] [beauty    ] HuanFace: SDK found - initializing engine...
[2026-10-04 23:26:55.165] [INFO ] [preview   ] VideoView sync #3 (compositor=ready latestFrame=0)
[2026-10-04 23:26:55.171] [INFO ] [gpu       ] GPU compositor initialized (2 passes, D3D11)
[2026-10-04 23:26:55.171] [INFO ] [tracking  ] Unavailable: no tracker backend in this build (place the MediaPipe SDK under sdk/mediapipe and enable HAOCAM_ENABLE_MEDIAPIPE)
[2026-10-04 23:26:55.171] [WARN ] [tracking  ] Tracker 'NullTracker' unavailable: Unavailable: no tracker backend in this build (place the MediaPipe SDK under sdk/mediapipe and enable HAOCAM_ENABLE_MEDIAPIPE)
[2026-10-04 23:26:55.171] [INFO ] [effects   ] Effect pipeline initialized (tracking=0, beauty=1 / SDK found - initializing engine...)
[2026-10-04 23:26:55.171] [INFO ] [engine    ] attach-async: stage=engine-thread
[2026-10-04 23:26:55.172] [INFO ] [engine    ] attach-async: stage=camera
[2026-10-04 23:26:55.172] [INFO ] [engine    ] Engine thread started
[2026-10-04 23:26:55.174] [INFO ] [camera    ] Device 1: 'DroidCam Video' (virtual)
[2026-10-04 23:26:55.174] [INFO ] [camera    ] Device 2: 'Snap Camera' (virtual)
[2026-10-04 23:26:55.174] [INFO ] [camera    ] Device 3: 'WebCamera' (physical)
[2026-10-04 23:26:55.174] [INFO ] [camera    ] Device 4: 'SplitCam Video Driver' (virtual)
[2026-10-04 23:26:55.174] [INFO ] [camera    ] Enumerated 4 camera device(s)
[2026-10-04 23:26:55.174] [INFO ] [camera    ] Starting camera 'WebCamera' [physical] (mode auto: device native best)
[2026-10-04 23:26:55.174] [INFO ] [camera    ] Opening device (id starts with '\\?\usb#')
[2026-10-04 23:26:55.174] [INFO ] [camera    ] Camera state Running
[2026-10-04 23:26:55.174] [INFO ] [engine    ] Engine attached to Qt Quick D3D11 device
[2026-10-04 23:26:55.175] [INFO ] [camera    ] Capture: CPU NV12 samples (MF kept off all D3D11 devices; the engine uploads each frame to the GPU once)
[2026-10-04 23:26:55.217] [INFO ] [camera    ] Selected camera mode: 1920x1080 @ 30 fps (NV12)
[2026-10-04 23:26:55.217] [INFO ] [camera    ] Camera opened: 1920x1080 @ 30 fps (NV12)
[2026-10-04 23:26:55.217] [INFO ] [camera    ] Camera state Running
[2026-10-04 23:26:55.400] [INFO ] [beauty    ] HuanFace engine created (beauty thread)
[2026-10-04 23:26:55.400] [INFO ] [beauty    ] HuanFace: Ready (CPU beauty path; SDK-internal face tracking)
[2026-10-04 23:26:55.506] [INFO ] [camera    ] First camera frame reached the engine queue (1920x1080 gpu=0)
[2026-10-04 23:26:55.509] [INFO ] [gpu       ] NV12 upload: cpuBufferSize=3110400 strideY=1920 (must be >= 1920)
[2026-10-04 23:26:55.511] [INFO ] [gpu       ] NV12 probe: Y@center=19 UV@center=(128,128) rowPitch=1920
[2026-10-04 23:26:55.513] [INFO ] [gpu       ] Processed probe #0: center=(12,5,5,255) corner=(8,4,0,255) fmt=87 rowPitch=7680
[2026-10-04 23:26:55.515] [INFO ] [gpu       ] Final probe #0: center=(12,5,5,255) corner=(8,4,0,255) fmt=87 rowPitch=7680
[2026-10-04 23:26:55.524] [INFO ] [preview   ] VideoView sync #38 (compositor=ready latestFrame=1)
[2026-10-04 23:26:55.525] [INFO ] [preview   ] Importing engine frames via cross-device shared resource
[2026-10-04 23:26:55.525] [INFO ] [preview   ] First frame CONSUMED by the UI (id=1, 1920x1080)
[2026-10-04 23:26:55.566] [INFO ] [preview   ] VideoView sync #42 (compositor=ready latestFrame=2)
[2026-10-04 23:26:55.604] [INFO ] [preview   ] VideoView sync #46 (compositor=ready latestFrame=3)
[2026-10-04 23:26:55.654] [INFO ] [preview   ] VideoView sync #51 (compositor=ready latestFrame=4)
[2026-10-04 23:26:55.704] [INFO ] [preview   ] VideoView sync #56 (compositor=ready latestFrame=5)
[2026-10-04 23:26:55.754] [INFO ] [preview   ] VideoView sync #61 (compositor=ready latestFrame=6)
[2026-10-04 23:26:55.814] [INFO ] [preview   ] VideoView sync #67 (compositor=ready latestFrame=7)
[2026-10-04 23:26:55.864] [INFO ] [preview   ] VideoView sync #72 (compositor=ready latestFrame=8)
[2026-10-04 23:26:55.914] [INFO ] [preview   ] VideoView sync #77 (compositor=ready latestFrame=9)
[2026-10-04 23:26:55.964] [INFO ] [preview   ] VideoView sync #82 (compositor=ready latestFrame=10)
[2026-10-04 23:26:56.004] [INFO ] [preview   ] VideoView sync #86 (compositor=ready latestFrame=11)
[2026-10-04 23:26:56.054] [INFO ] [preview   ] VideoView sync #91 (compositor=ready latestFrame=12)
[2026-10-04 23:26:56.104] [INFO ] [preview   ] VideoView sync #96 (compositor=ready latestFrame=13)
[2026-10-04 23:26:56.154] [INFO ] [preview   ] VideoView sync #101 (compositor=ready latestFrame=14)
[2026-10-04 23:26:56.214] [INFO ] [preview   ] VideoView sync #107 (compositor=ready latestFrame=15)
[2026-10-04 23:26:56.264] [INFO ] [preview   ] VideoView sync #112 (compositor=ready latestFrame=16)
[2026-10-04 23:26:56.314] [INFO ] [preview   ] VideoView sync #117 (compositor=ready latestFrame=17)
[2026-10-04 23:26:56.364] [INFO ] [preview   ] VideoView sync #122 (compositor=ready latestFrame=18)
[2026-10-04 23:26:56.404] [INFO ] [preview   ] VideoView sync #126 (compositor=ready latestFrame=19)
[2026-10-04 23:26:56.454] [INFO ] [preview   ] VideoView sync #131 (compositor=ready latestFrame=20)
[2026-10-04 23:26:56.504] [INFO ] [preview   ] VideoView sync #136 (compositor=ready latestFrame=21)
[2026-10-04 23:26:56.554] [INFO ] [preview   ] VideoView sync #141 (compositor=ready latestFrame=22)
[2026-10-04 23:26:56.614] [INFO ] [preview   ] VideoView sync #147 (compositor=ready latestFrame=23)
[2026-10-04 23:26:56.664] [INFO ] [preview   ] VideoView sync #152 (compositor=ready latestFrame=24)
[2026-10-04 23:26:56.714] [INFO ] [preview   ] VideoView sync #157 (compositor=ready latestFrame=25)
[2026-10-04 23:26:56.764] [INFO ] [preview   ] VideoView sync #162 (compositor=ready latestFrame=26)
[2026-10-04 23:26:56.804] [INFO ] [preview   ] VideoView sync #166 (compositor=ready latestFrame=27)
[2026-10-04 23:26:56.854] [INFO ] [preview   ] VideoView sync #171 (compositor=ready latestFrame=28)
[2026-10-04 23:26:56.904] [INFO ] [preview   ] VideoView sync #176 (compositor=ready latestFrame=29)
[2026-10-04 23:26:56.964] [INFO ] [preview   ] VideoView sync #182 (compositor=ready latestFrame=30)
[2026-10-04 23:26:57.014] [INFO ] [preview   ] VideoView sync #187 (compositor=ready latestFrame=31)
[2026-10-04 23:26:57.064] [INFO ] [preview   ] VideoView sync #192 (compositor=ready latestFrame=32)
[2026-10-04 23:26:57.114] [INFO ] [preview   ] VideoView sync #197 (compositor=ready latestFrame=33)
[2026-10-04 23:26:57.164] [INFO ] [preview   ] VideoView sync #202 (compositor=ready latestFrame=34)
[2026-10-04 23:26:57.204] [INFO ] [preview   ] VideoView sync #206 (compositor=ready latestFrame=35)
[2026-10-04 23:26:57.254] [INFO ] [preview   ] VideoView sync #211 (compositor=ready latestFrame=36)
[2026-10-04 23:26:57.303] [INFO ] [preview   ] VideoView sync #216 (compositor=ready latestFrame=37)
[2026-10-04 23:26:57.364] [INFO ] [preview   ] VideoView sync #222 (compositor=ready latestFrame=38)
[2026-10-04 23:26:57.414] [INFO ] [preview   ] VideoView sync #227 (compositor=ready latestFrame=39)
[2026-10-04 23:26:57.464] [INFO ] [preview   ] VideoView sync #232 (compositor=ready latestFrame=40)
[2026-10-04 23:26:57.513] [INFO ] [preview   ] VideoView sync #237 (compositor=ready latestFrame=41)
[2026-10-04 23:26:57.563] [INFO ] [preview   ] VideoView sync #242 (compositor=ready latestFrame=42)
[2026-10-04 23:26:57.603] [INFO ] [preview   ] VideoView sync #246 (compositor=ready latestFrame=43)
[2026-10-04 23:26:57.653] [INFO ] [preview   ] VideoView sync #251 (compositor=ready latestFrame=44)
[2026-10-04 23:26:57.703] [INFO ] [preview   ] VideoView sync #256 (compositor=ready latestFrame=45)
[2026-10-04 23:26:57.764] [INFO ] [preview   ] VideoView sync #262 (compositor=ready latestFrame=46)
[2026-10-04 23:26:57.813] [INFO ] [preview   ] VideoView sync #267 (compositor=ready latestFrame=47)
[2026-10-04 23:26:57.863] [INFO ] [preview   ] VideoView sync #272 (compositor=ready latestFrame=48)
[2026-10-04 23:26:57.913] [INFO ] [preview   ] VideoView sync #277 (compositor=ready latestFrame=49)
[2026-10-04 23:26:57.963] [INFO ] [preview   ] VideoView sync #282 (compositor=ready latestFrame=50)
[2026-10-04 23:26:58.003] [INFO ] [preview   ] VideoView sync #286 (compositor=ready latestFrame=51)
[2026-10-04 23:26:58.053] [INFO ] [preview   ] VideoView sync #291 (compositor=ready latestFrame=52)
[2026-10-04 23:26:58.103] [INFO ] [preview   ] VideoView sync #296 (compositor=ready latestFrame=53)
[2026-10-04 23:26:58.164] [INFO ] [preview   ] VideoView sync #302 (compositor=ready latestFrame=54)
[2026-10-04 23:26:58.213] [INFO ] [preview   ] VideoView sync #307 (compositor=ready latestFrame=55)
[2026-10-04 23:26:58.263] [INFO ] [preview   ] VideoView sync #312 (compositor=ready latestFrame=56)
[2026-10-04 23:26:58.313] [INFO ] [preview   ] VideoView sync #317 (compositor=ready latestFrame=57)
[2026-10-04 23:26:58.363] [INFO ] [preview   ] VideoView sync #322 (compositor=ready latestFrame=58)
[2026-10-04 23:26:58.403] [INFO ] [preview   ] VideoView sync #326 (compositor=ready latestFrame=59)
[2026-10-04 23:26:58.453] [INFO ] [preview   ] VideoView sync #331 (compositor=ready latestFrame=60)
[2026-10-04 23:26:58.523] [INFO ] [preview   ] VideoView sync #338 (compositor=ready latestFrame=61)
[2026-10-04 23:26:58.564] [INFO ] [preview   ] VideoView sync #342 (compositor=ready latestFrame=62)
[2026-10-04 23:26:58.613] [INFO ] [preview   ] VideoView sync #347 (compositor=ready latestFrame=63)
[2026-10-04 23:26:58.663] [INFO ] [preview   ] VideoView sync #352 (compositor=ready latestFrame=64)
[2026-10-04 23:26:58.713] [INFO ] [preview   ] VideoView sync #357 (compositor=ready latestFrame=65)
[2026-10-04 23:26:58.763] [INFO ] [preview   ] VideoView sync #362 (compositor=ready latestFrame=66)
[2026-10-04 23:26:58.803] [INFO ] [preview   ] VideoView sync #366 (compositor=ready latestFrame=67)
[2026-10-04 23:26:58.853] [INFO ] [preview   ] VideoView sync #371 (compositor=ready latestFrame=68)
[2026-10-04 23:26:58.923] [INFO ] [preview   ] VideoView sync #378 (compositor=ready latestFrame=69)
[2026-10-04 23:26:58.963] [INFO ] [preview   ] VideoView sync #382 (compositor=ready latestFrame=70)
[2026-10-04 23:26:59.013] [INFO ] [preview   ] VideoView sync #387 (compositor=ready latestFrame=71)
[2026-10-04 23:26:59.063] [INFO ] [preview   ] VideoView sync #392 (compositor=ready latestFrame=72)
[2026-10-04 23:26:59.113] [INFO ] [preview   ] VideoView sync #397 (compositor=ready latestFrame=73)
[2026-10-04 23:26:59.163] [INFO ] [preview   ] VideoView sync #402 (compositor=ready latestFrame=74)
[2026-10-04 23:26:59.203] [INFO ] [preview   ] VideoView sync #406 (compositor=ready latestFrame=75)
[2026-10-04 23:26:59.253] [INFO ] [preview   ] VideoView sync #411 (compositor=ready latestFrame=76)
[2026-10-04 23:26:59.323] [INFO ] [preview   ] VideoView sync #418 (compositor=ready latestFrame=77)
[2026-10-04 23:26:59.364] [INFO ] [preview   ] VideoView sync #422 (compositor=ready latestFrame=78)
[2026-10-04 23:26:59.412] [INFO ] [preview   ] VideoView sync #427 (compositor=ready latestFrame=79)
[2026-10-04 23:26:59.463] [INFO ] [preview   ] VideoView sync #432 (compositor=ready latestFrame=80)
[2026-10-04 23:26:59.512] [INFO ] [preview   ] VideoView sync #437 (compositor=ready latestFrame=81)
[2026-10-04 23:26:59.562] [INFO ] [preview   ] VideoView sync #442 (compositor=ready latestFrame=82)
[2026-10-04 23:26:59.613] [INFO ] [preview   ] VideoView sync #447 (compositor=ready latestFrame=83)
[2026-10-04 23:26:59.673] [INFO ] [preview   ] VideoView sync #453 (compositor=ready latestFrame=84)
[2026-10-04 23:26:59.722] [INFO ] [preview   ] VideoView sync #458 (compositor=ready latestFrame=85)
[2026-10-04 23:26:59.772] [INFO ] [preview   ] VideoView sync #463 (compositor=ready latestFrame=86)
[2026-10-04 23:26:59.812] [INFO ] [preview   ] VideoView sync #467 (compositor=ready latestFrame=87)
[2026-10-04 23:26:59.862] [INFO ] [preview   ] VideoView sync #472 (compositor=ready latestFrame=88)
[2026-10-04 23:26:59.892] [INFO ] [app       ] ui-heartbeat: main thread alive
[2026-10-04 23:26:59.912] [INFO ] [preview   ] VideoView sync #477 (compositor=ready latestFrame=89)
[2026-10-04 23:26:59.962] [INFO ] [preview   ] VideoView sync #482 (compositor=ready latestFrame=90)
[2026-10-04 23:27:00.003] [INFO ] [preview   ] VideoView sync #486 (compositor=ready latestFrame=91)
[2026-10-04 23:27:00.072] [INFO ] [preview   ] VideoView sync #493 (compositor=ready latestFrame=92)
[2026-10-04 23:27:00.122] [INFO ] [preview   ] VideoView sync #498 (compositor=ready latestFrame=93)
[2026-10-04 23:27:00.163] [INFO ] [preview   ] VideoView sync #502 (compositor=ready latestFrame=94)
[2026-10-04 23:27:00.208] [INFO ] [beauty    ] stats: submitted=94 processed=12 discarded=0 faces=1 gate=ON smoothing=0.1 whitening=0.33 rosy=0 sharpen=0 failures=0 readbackMs=2 sdkMs=388 uploadMs=0
[2026-10-04 23:27:00.212] [INFO ] [preview   ] VideoView sync #507 (compositor=ready latestFrame=95)
[2026-10-04 23:27:00.262] [INFO ] [preview   ] VideoView sync #512 (compositor=ready latestFrame=96)
[2026-10-04 23:27:00.312] [INFO ] [preview   ] VideoView sync #517 (compositor=ready latestFrame=97)
[2026-10-04 23:27:00.362] [INFO ] [preview   ] VideoView sync #522 (compositor=ready latestFrame=98)
[2026-10-04 23:27:00.412] [INFO ] [preview   ] VideoView sync #527 (compositor=ready latestFrame=99)
[2026-10-04 23:27:00.472] [INFO ] [preview   ] VideoView sync #533 (compositor=ready latestFrame=100)
[2026-10-04 23:27:00.522] [INFO ] [preview   ] VideoView sync #538 (compositor=ready latestFrame=101)
[2026-10-04 23:27:00.572] [INFO ] [preview   ] VideoView sync #543 (compositor=ready latestFrame=102)
[2026-10-04 23:27:00.612] [INFO ] [preview   ] VideoView sync #547 (compositor=ready latestFrame=103)
[2026-10-04 23:27:00.662] [INFO ] [preview   ] VideoView sync #552 (compositor=ready latestFrame=104)
[2026-10-04 23:27:00.712] [INFO ] [preview   ] VideoView sync #557 (compositor=ready latestFrame=105)
[2026-10-04 23:27:00.762] [INFO ] [preview   ] VideoView sync #562 (compositor=ready latestFrame=106)
[2026-10-04 23:27:00.812] [INFO ] [preview   ] VideoView sync #567 (compositor=ready latestFrame=107)
[2026-10-04 23:27:00.872] [INFO ] [preview   ] VideoView sync #573 (compositor=ready latestFrame=108)
[2026-10-04 23:27:00.922] [INFO ] [preview   ] VideoView sync #578 (compositor=ready latestFrame=109)
[2026-10-04 23:27:00.972] [INFO ] [preview   ] VideoView sync #583 (compositor=ready latestFrame=110)
[2026-10-04 23:27:01.022] [INFO ] [preview   ] VideoView sync #588 (compositor=ready latestFrame=111)
[2026-10-04 23:27:01.062] [INFO ] [preview   ] VideoView sync #592 (compositor=ready latestFrame=112)
[2026-10-04 23:27:01.112] [INFO ] [preview   ] VideoView sync #597 (compositor=ready latestFrame=113)
[2026-10-04 23:27:01.162] [INFO ] [preview   ] VideoView sync #602 (compositor=ready latestFrame=114)
[2026-10-04 23:27:01.222] [INFO ] [preview   ] VideoView sync #608 (compositor=ready latestFrame=115)
[2026-10-04 23:27:01.272] [INFO ] [preview   ] VideoView sync #613 (compositor=ready latestFrame=116)
[2026-10-04 23:27:01.321] [INFO ] [preview   ] VideoView sync #618 (compositor=ready latestFrame=117)
[2026-10-04 23:27:01.371] [INFO ] [preview   ] VideoView sync #623 (compositor=ready latestFrame=118)
[2026-10-04 23:27:01.412] [INFO ] [preview   ] VideoView sync #627 (compositor=ready latestFrame=119)
[2026-10-04 23:27:01.462] [INFO ] [preview   ] VideoView sync #632 (compositor=ready latestFrame=120)
[2026-10-04 23:27:01.511] [INFO ] [preview   ] VideoView sync #637 (compositor=ready latestFrame=121)
[2026-10-04 23:27:01.562] [INFO ] [preview   ] VideoView sync #642 (compositor=ready latestFrame=122)
[2026-10-04 23:27:01.621] [INFO ] [preview   ] VideoView sync #648 (compositor=ready latestFrame=123)
[2026-10-04 23:27:01.671] [INFO ] [preview   ] VideoView sync #653 (compositor=ready latestFrame=124)
[2026-10-04 23:27:01.721] [INFO ] [preview   ] VideoView sync #658 (compositor=ready latestFrame=125)
[2026-10-04 23:27:01.771] [INFO ] [preview   ] VideoView sync #663 (compositor=ready latestFrame=126)
[2026-10-04 23:27:01.811] [INFO ] [preview   ] VideoView sync #667 (compositor=ready latestFrame=127)
[2026-10-04 23:27:01.861] [INFO ] [preview   ] VideoView sync #672 (compositor=ready latestFrame=128)
[2026-10-04 23:27:01.911] [INFO ] [preview   ] VideoView sync #677 (compositor=ready latestFrame=129)
[2026-10-04 23:27:01.961] [INFO ] [preview   ] VideoView sync #682 (compositor=ready latestFrame=130)
[2026-10-04 23:27:02.021] [INFO ] [preview   ] VideoView sync #688 (compositor=ready latestFrame=131)
[2026-10-04 23:27:02.071] [INFO ] [preview   ] VideoView sync #693 (compositor=ready latestFrame=132)
[2026-10-04 23:27:02.121] [INFO ] [preview   ] VideoView sync #698 (compositor=ready latestFrame=133)
[2026-10-04 23:27:02.171] [INFO ] [preview   ] VideoView sync #703 (compositor=ready latestFrame=134)
[2026-10-04 23:27:02.211] [INFO ] [preview   ] VideoView sync #707 (compositor=ready latestFrame=135)
[2026-10-04 23:27:02.261] [INFO ] [preview   ] VideoView sync #712 (compositor=ready latestFrame=136)
[2026-10-04 23:27:02.311] [INFO ] [preview   ] VideoView sync #717 (compositor=ready latestFrame=137)
[2026-10-04 23:27:02.371] [INFO ] [preview   ] VideoView sync #723 (compositor=ready latestFrame=138)
[2026-10-04 23:27:02.421] [INFO ] [preview   ] VideoView sync #728 (compositor=ready latestFrame=139)
[2026-10-04 23:27:02.471] [INFO ] [preview   ] VideoView sync #733 (compositor=ready latestFrame=140)
[2026-10-04 23:27:02.521] [INFO ] [preview   ] VideoView sync #738 (compositor=ready latestFrame=141)
[2026-10-04 23:27:02.571] [INFO ] [preview   ] VideoView sync #743 (compositor=ready latestFrame=142)
[2026-10-04 23:27:02.611] [INFO ] [preview   ] VideoView sync #747 (compositor=ready latestFrame=143)
[2026-10-04 23:27:02.661] [INFO ] [preview   ] VideoView sync #752 (compositor=ready latestFrame=144)
[2026-10-04 23:27:02.711] [INFO ] [preview   ] VideoView sync #757 (compositor=ready latestFrame=145)
[2026-10-04 23:27:02.771] [INFO ] [preview   ] VideoView sync #763 (compositor=ready latestFrame=146)
[2026-10-04 23:27:02.821] [INFO ] [preview   ] VideoView sync #768 (compositor=ready latestFrame=147)
[2026-10-04 23:27:02.871] [INFO ] [preview   ] VideoView sync #773 (compositor=ready latestFrame=148)
[2026-10-04 23:27:02.921] [INFO ] [preview   ] VideoView sync #778 (compositor=ready latestFrame=149)
[2026-10-04 23:27:02.971] [INFO ] [preview   ] VideoView sync #783 (compositor=ready latestFrame=150)
[2026-10-04 23:27:03.011] [INFO ] [preview   ] VideoView sync #787 (compositor=ready latestFrame=151)
[2026-10-04 23:27:03.061] [INFO ] [preview   ] VideoView sync #792 (compositor=ready latestFrame=152)
[2026-10-04 23:27:03.111] [INFO ] [preview   ] VideoView sync #797 (compositor=ready latestFrame=153)
[2026-10-04 23:27:03.171] [INFO ] [preview   ] VideoView sync #803 (compositor=ready latestFrame=154)
[2026-10-04 23:27:03.221] [INFO ] [preview   ] VideoView sync #808 (compositor=ready latestFrame=155)
[2026-10-04 23:27:03.271] [INFO ] [preview   ] VideoView sync #813 (compositor=ready latestFrame=156)
[2026-10-04 23:27:03.321] [INFO ] [preview   ] VideoView sync #818 (compositor=ready latestFrame=157)
[2026-10-04 23:27:03.371] [INFO ] [preview   ] VideoView sync #823 (compositor=ready latestFrame=158)
[2026-10-04 23:27:03.411] [INFO ] [preview   ] VideoView sync #827 (compositor=ready latestFrame=159)
[2026-10-04 23:27:03.461] [INFO ] [preview   ] VideoView sync #832 (compositor=ready latestFrame=160)
[2026-10-04 23:27:03.510] [INFO ] [preview   ] VideoView sync #837 (compositor=ready latestFrame=161)
[2026-10-04 23:27:03.571] [INFO ] [preview   ] VideoView sync #843 (compositor=ready latestFrame=162)
[2026-10-04 23:27:03.620] [INFO ] [preview   ] VideoView sync #848 (compositor=ready latestFrame=163)
[2026-10-04 23:27:03.670] [INFO ] [preview   ] VideoView sync #853 (compositor=ready latestFrame=164)
[2026-10-04 23:27:03.720] [INFO ] [preview   ] VideoView sync #858 (compositor=ready latestFrame=165)
[2026-10-04 23:27:03.771] [INFO ] [preview   ] VideoView sync #863 (compositor=ready latestFrame=166)
[2026-10-04 23:27:03.810] [INFO ] [preview   ] VideoView sync #867 (compositor=ready latestFrame=167)
[2026-10-04 23:27:03.860] [INFO ] [preview   ] VideoView sync #872 (compositor=ready latestFrame=168)
[2026-10-04 23:27:03.930] [INFO ] [preview   ] VideoView sync #879 (compositor=ready latestFrame=169)
[2026-10-04 23:27:03.980] [INFO ] [preview   ] VideoView sync #884 (compositor=ready latestFrame=170)
[2026-10-04 23:27:04.020] [INFO ] [preview   ] VideoView sync #888 (compositor=ready latestFrame=171)
[2026-10-04 23:27:04.070] [INFO ] [preview   ] VideoView sync #893 (compositor=ready latestFrame=172)
[2026-10-04 23:27:04.120] [INFO ] [preview   ] VideoView sync #898 (compositor=ready latestFrame=173)
[2026-10-04 23:27:04.170] [INFO ] [preview   ] VideoView sync #903 (compositor=ready latestFrame=174)
[2026-10-04 23:27:04.220] [INFO ] [preview   ] VideoView sync #908 (compositor=ready latestFrame=175)
[2026-10-04 23:27:04.260] [INFO ] [preview   ] VideoView sync #912 (compositor=ready latestFrame=176)
[2026-10-04 23:27:04.330] [INFO ] [preview   ] VideoView sync #919 (compositor=ready latestFrame=177)
[2026-10-04 23:27:04.380] [INFO ] [preview   ] VideoView sync #924 (compositor=ready latestFrame=178)
[2026-10-04 23:27:04.420] [INFO ] [preview   ] VideoView sync #928 (compositor=ready latestFrame=179)
[2026-10-04 23:27:04.470] [INFO ] [preview   ] VideoView sync #933 (compositor=ready latestFrame=180)
[2026-10-04 23:27:04.520] [INFO ] [preview   ] VideoView sync #938 (compositor=ready latestFrame=181)
[2026-10-04 23:27:04.570] [INFO ] [preview   ] VideoView sync #943 (compositor=ready latestFrame=182)
[2026-10-04 23:27:04.620] [INFO ] [preview   ] VideoView sync #948 (compositor=ready latestFrame=183)
[2026-10-04 23:27:04.661] [INFO ] [preview   ] VideoView sync #952 (compositor=ready latestFrame=184)
[2026-10-04 23:27:04.730] [INFO ] [preview   ] VideoView sync #959 (compositor=ready latestFrame=185)
[2026-10-04 23:27:04.770] [INFO ] [preview   ] VideoView sync #963 (compositor=ready latestFrame=186)
[2026-10-04 23:27:04.820] [INFO ] [preview   ] VideoView sync #968 (compositor=ready latestFrame=187)
[2026-10-04 23:27:04.870] [INFO ] [preview   ] VideoView sync #973 (compositor=ready latestFrame=188)
[2026-10-04 23:27:04.899] [INFO ] [app       ] ui-heartbeat: main thread alive
[2026-10-04 23:27:04.920] [INFO ] [preview   ] VideoView sync #978 (compositor=ready latestFrame=189)
[2026-10-04 23:27:04.970] [INFO ] [preview   ] VideoView sync #983 (compositor=ready latestFrame=190)
[2026-10-04 23:27:05.020] [INFO ] [preview   ] VideoView sync #988 (compositor=ready latestFrame=191)
[2026-10-04 23:27:05.080] [INFO ] [preview   ] VideoView sync #994 (compositor=ready latestFrame=192)
[2026-10-04 23:27:05.130] [INFO ] [preview   ] VideoView sync #999 (compositor=ready latestFrame=193)
[2026-10-04 23:27:05.180] [INFO ] [preview   ] VideoView sync #1004 (compositor=ready latestFrame=194)
[2026-10-04 23:27:05.220] [INFO ] [preview   ] VideoView sync #1008 (compositor=ready latestFrame=195)
[2026-10-04 23:27:05.263] [INFO ] [beauty    ] stats: submitted=195 processed=24 discarded=0 faces=1 gate=ON smoothing=0.72 whitening=0.07 rosy=0 sharpen=0 failures=0 readbackMs=2 sdkMs=392 uploadMs=0
[2026-10-04 23:27:05.270] [INFO ] [preview   ] VideoView sync #1013 (compositor=ready latestFrame=196)
[2026-10-04 23:27:05.320] [INFO ] [preview   ] VideoView sync #1018 (compositor=ready latestFrame=197)
[2026-10-04 23:27:05.370] [INFO ] [preview   ] VideoView sync #1023 (compositor=ready latestFrame=198)
[2026-10-04 23:27:05.419] [INFO ] [preview   ] VideoView sync #1028 (compositor=ready latestFrame=199)
[2026-10-04 23:27:05.480] [INFO ] [preview   ] VideoView sync #1034 (compositor=ready latestFrame=200)
[2026-10-04 23:27:05.529] [INFO ] [preview   ] VideoView sync #1039 (compositor=ready latestFrame=201)
[2026-10-04 23:27:05.580] [INFO ] [preview   ] VideoView sync #1044 (compositor=ready latestFrame=202)
[2026-10-04 23:27:05.619] [INFO ] [preview   ] VideoView sync #1048 (compositor=ready latestFrame=203)
[2026-10-04 23:27:05.669] [INFO ] [preview   ] VideoView sync #1053 (compositor=ready latestFrame=204)
[2026-10-04 23:27:05.719] [INFO ] [preview   ] VideoView sync #1058 (compositor=ready latestFrame=205)
[2026-10-04 23:27:05.769] [INFO ] [preview   ] VideoView sync #1063 (compositor=ready latestFrame=206)
[2026-10-04 23:27:05.820] [INFO ] [preview   ] VideoView sync #1068 (compositor=ready latestFrame=207)
[2026-10-04 23:27:05.879] [INFO ] [preview   ] VideoView sync #1074 (compositor=ready latestFrame=208)
[2026-10-04 23:27:05.929] [INFO ] [preview   ] VideoView sync #1079 (compositor=ready latestFrame=209)
[2026-10-04 23:27:05.979] [INFO ] [preview   ] VideoView sync #1084 (compositor=ready latestFrame=210)
[2026-10-04 23:27:06.020] [INFO ] [preview   ] VideoView sync #1088 (compositor=ready latestFrame=211)
[2026-10-04 23:27:06.069] [INFO ] [preview   ] VideoView sync #1093 (compositor=ready latestFrame=212)
[2026-10-04 23:27:06.119] [INFO ] [preview   ] VideoView sync #1098 (compositor=ready latestFrame=213)
[2026-10-04 23:27:06.169] [INFO ] [preview   ] VideoView sync #1103 (compositor=ready latestFrame=214)
[2026-10-04 23:27:06.229] [INFO ] [preview   ] VideoView sync #1109 (compositor=ready latestFrame=215)
[2026-10-04 23:27:06.279] [INFO ] [preview   ] VideoView sync #1114 (compositor=ready latestFrame=216)
[2026-10-04 23:27:06.329] [INFO ] [preview   ] VideoView sync #1119 (compositor=ready latestFrame=217)
[2026-10-04 23:27:06.379] [INFO ] [preview   ] VideoView sync #1124 (compositor=ready latestFrame=218)
[2026-10-04 23:27:06.419] [INFO ] [preview   ] VideoView sync #1128 (compositor=ready latestFrame=219)
[2026-10-04 23:27:06.469] [INFO ] [preview   ] VideoView sync #1133 (compositor=ready latestFrame=220)
[2026-10-04 23:27:06.519] [INFO ] [preview   ] VideoView sync #1138 (compositor=ready latestFrame=221)
[2026-10-04 23:27:06.569] [INFO ] [preview   ] VideoView sync #1143 (compositor=ready latestFrame=222)
[2026-10-04 23:27:06.629] [INFO ] [preview   ] VideoView sync #1149 (compositor=ready latestFrame=223)
[2026-10-04 23:27:06.679] [INFO ] [preview   ] VideoView sync #1154 (compositor=ready latestFrame=224)
[2026-10-04 23:27:06.729] [INFO ] [preview   ] VideoView sync #1159 (compositor=ready latestFrame=225)
[2026-10-04 23:27:06.779] [INFO ] [preview   ] VideoView sync #1164 (compositor=ready latestFrame=226)
[2026-10-04 23:27:06.819] [INFO ] [preview   ] VideoView sync #1168 (compositor=ready latestFrame=227)
[2026-10-04 23:27:06.869] [INFO ] [preview   ] VideoView sync #1173 (compositor=ready latestFrame=228)
[2026-10-04 23:27:06.919] [INFO ] [preview   ] VideoView sync #1178 (compositor=ready latestFrame=229)
[2026-10-04 23:27:06.969] [INFO ] [preview   ] VideoView sync #1183 (compositor=ready latestFrame=230)
[2026-10-04 23:27:07.029] [INFO ] [preview   ] VideoView sync #1189 (compositor=ready latestFrame=231)
[2026-10-04 23:27:07.079] [INFO ] [preview   ] VideoView sync #1194 (compositor=ready latestFrame=232)
[2026-10-04 23:27:07.128] [INFO ] [preview   ] VideoView sync #1199 (compositor=ready latestFrame=233)
[2026-10-04 23:27:07.178] [INFO ] [preview   ] VideoView sync #1204 (compositor=ready latestFrame=234)
[2026-10-04 23:27:07.219] [INFO ] [preview   ] VideoView sync #1208 (compositor=ready latestFrame=235)
[2026-10-04 23:27:07.269] [INFO ] [preview   ] VideoView sync #1213 (compositor=ready latestFrame=236)
[2026-10-04 23:27:07.318] [INFO ] [preview   ] VideoView sync #1218 (compositor=ready latestFrame=237)
[2026-10-04 23:27:07.369] [INFO ] [preview   ] VideoView sync #1223 (compositor=ready latestFrame=238)
[2026-10-04 23:27:07.428] [INFO ] [preview   ] VideoView sync #1229 (compositor=ready latestFrame=239)
[2026-10-04 23:27:07.478] [INFO ] [preview   ] VideoView sync #1234 (compositor=ready latestFrame=240)
[2026-10-04 23:27:07.528] [INFO ] [preview   ] VideoView sync #1239 (compositor=ready latestFrame=241)
[2026-10-04 23:27:07.578] [INFO ] [preview   ] VideoView sync #1244 (compositor=ready latestFrame=242)
[2026-10-04 23:27:07.618] [INFO ] [preview   ] VideoView sync #1248 (compositor=ready latestFrame=243)
[2026-10-04 23:27:07.668] [INFO ] [preview   ] VideoView sync #1253 (compositor=ready latestFrame=244)
[2026-10-04 23:27:07.718] [INFO ] [preview   ] VideoView sync #1258 (compositor=ready latestFrame=245)
[2026-10-04 23:27:07.788] [INFO ] [preview   ] VideoView sync #1265 (compositor=ready latestFrame=246)
[2026-10-04 23:27:07.828] [INFO ] [preview   ] VideoView sync #1269 (compositor=ready latestFrame=247)
[2026-10-04 23:27:07.879] [INFO ] [preview   ] VideoView sync #1274 (compositor=ready latestFrame=248)
[2026-10-04 23:27:07.928] [INFO ] [preview   ] VideoView sync #1279 (compositor=ready latestFrame=249)
[2026-10-04 23:27:07.978] [INFO ] [preview   ] VideoView sync #1284 (compositor=ready latestFrame=250)
[2026-10-04 23:27:08.018] [INFO ] [preview   ] VideoView sync #1288 (compositor=ready latestFrame=251)
[2026-10-04 23:27:08.068] [INFO ] [preview   ] VideoView sync #1293 (compositor=ready latestFrame=252)
[2026-10-04 23:27:08.118] [INFO ] [preview   ] VideoView sync #1298 (compositor=ready latestFrame=253)
[2026-10-04 23:27:08.188] [INFO ] [preview   ] VideoView sync #1305 (compositor=ready latestFrame=254)
[2026-10-04 23:27:08.228] [INFO ] [preview   ] VideoView sync #1309 (compositor=ready latestFrame=255)
[2026-10-04 23:27:08.278] [INFO ] [preview   ] VideoView sync #1314 (compositor=ready latestFrame=256)
[2026-10-04 23:27:08.328] [INFO ] [preview   ] VideoView sync #1319 (compositor=ready latestFrame=257)
[2026-10-04 23:27:08.378] [INFO ] [preview   ] VideoView sync #1324 (compositor=ready latestFrame=258)
[2026-10-04 23:27:08.428] [INFO ] [preview   ] VideoView sync #1329 (compositor=ready latestFrame=259)
[2026-10-04 23:27:08.468] [INFO ] [preview   ] VideoView sync #1333 (compositor=ready latestFrame=260)
[2026-10-04 23:27:08.518] [INFO ] [preview   ] VideoView sync #1338 (compositor=ready latestFrame=261)
[2026-10-04 23:27:08.588] [INFO ] [preview   ] VideoView sync #1345 (compositor=ready latestFrame=262)
[2026-10-04 23:27:08.628] [INFO ] [preview   ] VideoView sync #1349 (compositor=ready latestFrame=263)
[2026-10-04 23:27:08.678] [INFO ] [preview   ] VideoView sync #1354 (compositor=ready latestFrame=264)
[2026-10-04 23:27:08.728] [INFO ] [preview   ] VideoView sync #1359 (compositor=ready latestFrame=265)
[2026-10-04 23:27:08.778] [INFO ] [preview   ] VideoView sync #1364 (compositor=ready latestFrame=266)
[2026-10-04 23:27:08.828] [INFO ] [preview   ] VideoView sync #1369 (compositor=ready latestFrame=267)
[2026-10-04 23:27:08.868] [INFO ] [preview   ] VideoView sync #1373 (compositor=ready latestFrame=268)
[2026-10-04 23:27:08.938] [INFO ] [preview   ] VideoView sync #1380 (compositor=ready latestFrame=269)
[2026-10-04 23:27:08.988] [INFO ] [preview   ] VideoView sync #1385 (compositor=ready latestFrame=270)
[2026-10-04 23:27:09.028] [INFO ] [preview   ] VideoView sync #1389 (compositor=ready latestFrame=271)
[2026-10-04 23:27:09.078] [INFO ] [preview   ] VideoView sync #1394 (compositor=ready latestFrame=272)
[2026-10-04 23:27:09.128] [INFO ] [preview   ] VideoView sync #1399 (compositor=ready latestFrame=273)
[2026-10-04 23:27:09.178] [INFO ] [preview   ] VideoView sync #1404 (compositor=ready latestFrame=274)
[2026-10-04 23:27:09.228] [INFO ] [preview   ] VideoView sync #1409 (compositor=ready latestFrame=275)
[2026-10-04 23:27:09.268] [INFO ] [preview   ] VideoView sync #1413 (compositor=ready latestFrame=276)
[2026-10-04 23:27:09.337] [INFO ] [preview   ] VideoView sync #1420 (compositor=ready latestFrame=277)
[2026-10-04 23:27:09.387] [INFO ] [preview   ] VideoView sync #1425 (compositor=ready latestFrame=278)
[2026-10-04 23:27:09.428] [INFO ] [preview   ] VideoView sync #1429 (compositor=ready latestFrame=279)
[2026-10-04 23:27:09.488] [INFO ] [preview   ] VideoView sync #1435 (compositor=ready latestFrame=280)
[2026-10-04 23:27:09.528] [INFO ] [preview   ] VideoView sync #1439 (compositor=ready latestFrame=281)
[2026-10-04 23:27:09.578] [INFO ] [preview   ] VideoView sync #1444 (compositor=ready latestFrame=282)
[2026-10-04 23:27:09.628] [INFO ] [preview   ] VideoView sync #1449 (compositor=ready latestFrame=283)
[2026-10-04 23:27:09.667] [INFO ] [preview   ] VideoView sync #1453 (compositor=ready latestFrame=284)
[2026-10-04 23:27:09.737] [INFO ] [preview   ] VideoView sync #1460 (compositor=ready latestFrame=285)
[2026-10-04 23:27:09.787] [INFO ] [preview   ] VideoView sync #1465 (compositor=ready latestFrame=286)
[2026-10-04 23:27:09.827] [INFO ] [preview   ] VideoView sync #1469 (compositor=ready latestFrame=287)
[2026-10-04 23:27:09.878] [INFO ] [preview   ] VideoView sync #1474 (compositor=ready latestFrame=288)
[2026-10-04 23:27:09.896] [INFO ] [app       ] ui-heartbeat: main thread alive
[2026-10-04 23:27:09.927] [INFO ] [preview   ] VideoView sync #1479 (compositor=ready latestFrame=289)
[2026-10-04 23:27:09.977] [INFO ] [preview   ] VideoView sync #1484 (compositor=ready latestFrame=290)
[2026-10-04 23:27:10.027] [INFO ] [preview   ] VideoView sync #1489 (compositor=ready latestFrame=291)
[2026-10-04 23:27:10.087] [INFO ] [preview   ] VideoView sync #1495 (compositor=ready latestFrame=292)
[2026-10-04 23:27:10.137] [INFO ] [preview   ] VideoView sync #1500 (compositor=ready latestFrame=293)
[2026-10-04 23:27:10.187] [INFO ] [preview   ] VideoView sync #1505 (compositor=ready latestFrame=294)
[2026-10-04 23:27:10.227] [INFO ] [preview   ] VideoView sync #1509 (compositor=ready latestFrame=295)
[2026-10-04 23:27:10.277] [INFO ] [preview   ] VideoView sync #1514 (compositor=ready latestFrame=296)
[2026-10-04 23:27:10.327] [INFO ] [preview   ] VideoView sync #1519 (compositor=ready latestFrame=297)
[2026-10-04 23:27:10.329] [INFO ] [beauty    ] stats: submitted=297 processed=36 discarded=0 faces=1 gate=ON smoothing=0.72 whitening=0.53 rosy=0 sharpen=0 failures=0 readbackMs=6 sdkMs=391 uploadMs=0
[2026-10-04 23:27:10.377] [INFO ] [preview   ] VideoView sync #1524 (compositor=ready latestFrame=298)
[2026-10-04 23:27:10.427] [INFO ] [preview   ] VideoView sync #1529 (compositor=ready latestFrame=299)
[2026-10-04 23:27:10.487] [INFO ] [preview   ] VideoView sync #1535 (compositor=ready latestFrame=300)
[2026-10-04 23:27:10.531] [INFO ] [gpu       ] NV12 upload: cpuBufferSize=3110400 strideY=1920 (must be >= 1920)
[2026-10-04 23:27:10.533] [INFO ] [gpu       ] NV12 probe: Y@center=123 UV@center=(123,146) rowPitch=1920
[2026-10-04 23:27:10.535] [INFO ] [gpu       ] Processed probe #0: center=(117,119,163,255) corner=(255,225,198,255) fmt=87 rowPitch=7680
[2026-10-04 23:27:10.536] [INFO ] [gpu       ] Final probe #0: center=(117,119,163,255) corner=(255,225,198,255) fmt=87 rowPitch=7680
[2026-10-04 23:27:10.537] [INFO ] [preview   ] VideoView sync #1540 (compositor=ready latestFrame=301)
[2026-10-04 23:27:10.587] [INFO ] [preview   ] VideoView sync #1545 (compositor=ready latestFrame=302)
[2026-10-04 23:27:10.627] [INFO ] [preview   ] VideoView sync #1549 (compositor=ready latestFrame=303)
[2026-10-04 23:27:10.677] [INFO ] [preview   ] VideoView sync #1554 (compositor=ready latestFrame=304)
[2026-10-04 23:27:10.727] [INFO ] [preview   ] VideoView sync #1559 (compositor=ready latestFrame=305)
[2026-10-04 23:27:10.777] [INFO ] [preview   ] VideoView sync #1564 (compositor=ready latestFrame=306)
[2026-10-04 23:27:10.827] [INFO ] [preview   ] VideoView sync #1569 (compositor=ready latestFrame=307)
[2026-10-04 23:27:10.887] [INFO ] [preview   ] VideoView sync #1575 (compositor=ready latestFrame=308)
[2026-10-04 23:27:10.937] [INFO ] [preview   ] VideoView sync #1580 (compositor=ready latestFrame=309)
[2026-10-04 23:27:10.987] [INFO ] [preview   ] VideoView sync #1585 (compositor=ready latestFrame=310)
[2026-10-04 23:27:11.027] [INFO ] [preview   ] VideoView sync #1589 (compositor=ready latestFrame=311)
[2026-10-04 23:27:11.077] [INFO ] [preview   ] VideoView sync #1594 (compositor=ready latestFrame=312)
[2026-10-04 23:27:11.127] [INFO ] [preview   ] VideoView sync #1599 (compositor=ready latestFrame=313)
[2026-10-04 23:27:11.177] [INFO ] [preview   ] VideoView sync #1604 (compositor=ready latestFrame=314)
[2026-10-04 23:27:11.227] [INFO ] [preview   ] VideoView sync #1609 (compositor=ready latestFrame=315)
[2026-10-04 23:27:11.286] [INFO ] [preview   ] VideoView sync #1615 (compositor=ready latestFrame=316)
[2026-10-04 23:27:11.337] [INFO ] [preview   ] VideoView sync #1620 (compositor=ready latestFrame=317)
[2026-10-04 23:27:11.387] [INFO ] [preview   ] VideoView sync #1625 (compositor=ready latestFrame=318)
[2026-10-04 23:27:11.427] [INFO ] [preview   ] VideoView sync #1629 (compositor=ready latestFrame=319)
[2026-10-04 23:27:11.477] [INFO ] [preview   ] VideoView sync #1634 (compositor=ready latestFrame=320)
[2026-10-04 23:27:11.527] [INFO ] [preview   ] VideoView sync #1639 (compositor=ready latestFrame=321)
[2026-10-04 23:27:11.576] [INFO ] [preview   ] VideoView sync #1644 (compositor=ready latestFrame=322)
[2026-10-04 23:27:11.636] [INFO ] [preview   ] VideoView sync #1650 (compositor=ready latestFrame=323)
[2026-10-04 23:27:11.686] [INFO ] [preview   ] VideoView sync #1655 (compositor=ready latestFrame=324)
[2026-10-04 23:27:11.737] [INFO ] [preview   ] VideoView sync #1660 (compositor=ready latestFrame=325)
[2026-10-04 23:27:11.787] [INFO ] [preview   ] VideoView sync #1665 (compositor=ready latestFrame=326)
[2026-10-04 23:27:11.836] [INFO ] [preview   ] VideoView sync #1670 (compositor=ready latestFrame=327)
[2026-10-04 23:27:11.877] [INFO ] [preview   ] VideoView sync #1674 (compositor=ready latestFrame=328)
[2026-10-04 23:27:11.927] [INFO ] [preview   ] VideoView sync #1679 (compositor=ready latestFrame=329)
[2026-10-04 23:27:11.976] [INFO ] [preview   ] VideoView sync #1684 (compositor=ready latestFrame=330)
[2026-10-04 23:27:12.037] [INFO ] [preview   ] VideoView sync #1690 (compositor=ready latestFrame=331)
[2026-10-04 23:27:12.086] [INFO ] [preview   ] VideoView sync #1695 (compositor=ready latestFrame=332)
[2026-10-04 23:27:12.136] [INFO ] [preview   ] VideoView sync #1700 (compositor=ready latestFrame=333)
[2026-10-04 23:27:12.186] [INFO ] [preview   ] VideoView sync #1705 (compositor=ready latestFrame=334)
[2026-10-04 23:27:12.236] [INFO ] [preview   ] VideoView sync #1710 (compositor=ready latestFrame=335)
[2026-10-04 23:27:12.276] [INFO ] [preview   ] VideoView sync #1714 (compositor=ready latestFrame=336)
[2026-10-04 23:27:12.326] [INFO ] [preview   ] VideoView sync #1719 (compositor=ready latestFrame=337)
[2026-10-04 23:27:12.376] [INFO ] [preview   ] VideoView sync #1724 (compositor=ready latestFrame=338)
[2026-10-04 23:27:12.446] [INFO ] [preview   ] VideoView sync #1731 (compositor=ready latestFrame=339)
[2026-10-04 23:27:12.486] [INFO ] [preview   ] VideoView sync #1735 (compositor=ready latestFrame=340)
[2026-10-04 23:27:12.536] [INFO ] [preview   ] VideoView sync #1740 (compositor=ready latestFrame=341)
[2026-10-04 23:27:12.586] [INFO ] [preview   ] VideoView sync #1745 (compositor=ready latestFrame=342)
[2026-10-04 23:27:12.636] [INFO ] [preview   ] VideoView sync #1750 (compositor=ready latestFrame=343)
[2026-10-04 23:27:12.676] [INFO ] [preview   ] VideoView sync #1754 (compositor=ready latestFrame=344)
[2026-10-04 23:27:12.726] [INFO ] [preview   ] VideoView sync #1759 (compositor=ready latestFrame=345)
[2026-10-04 23:27:12.796] [INFO ] [preview   ] VideoView sync #1766 (compositor=ready latestFrame=346)
[2026-10-04 23:27:12.836] [INFO ] [preview   ] VideoView sync #1770 (compositor=ready latestFrame=347)
[2026-10-04 23:27:12.886] [INFO ] [preview   ] VideoView sync #1775 (compositor=ready latestFrame=348)
[2026-10-04 23:27:12.936] [INFO ] [preview   ] VideoView sync #1780 (compositor=ready latestFrame=349)
[2026-10-04 23:27:12.986] [INFO ] [preview   ] VideoView sync #1785 (compositor=ready latestFrame=350)
[2026-10-04 23:27:13.036] [INFO ] [preview   ] VideoView sync #1790 (compositor=ready latestFrame=351)
[2026-10-04 23:27:13.076] [INFO ] [preview   ] VideoView sync #1794 (compositor=ready latestFrame=352)
[2026-10-04 23:27:13.126] [INFO ] [preview   ] VideoView sync #1799 (compositor=ready latestFrame=353)
[2026-10-04 23:27:13.196] [INFO ] [preview   ] VideoView sync #1806 (compositor=ready latestFrame=354)
[2026-10-04 23:27:13.236] [INFO ] [preview   ] VideoView sync #1810 (compositor=ready latestFrame=355)
[2026-10-04 23:27:13.286] [INFO ] [preview   ] VideoView sync #1815 (compositor=ready latestFrame=356)
[2026-10-04 23:27:13.336] [INFO ] [preview   ] VideoView sync #1820 (compositor=ready latestFrame=357)
[2026-10-04 23:27:13.386] [INFO ] [preview   ] VideoView sync #1825 (compositor=ready latestFrame=358)
[2026-10-04 23:27:13.436] [INFO ] [preview   ] VideoView sync #1830 (compositor=ready latestFrame=359)
[2026-10-04 23:27:13.476] [INFO ] [preview   ] VideoView sync #1834 (compositor=ready latestFrame=360)
[2026-10-04 23:27:13.526] [INFO ] [preview   ] VideoView sync #1839 (compositor=ready latestFrame=361)
[2026-10-04 23:27:13.596] [INFO ] [preview   ] VideoView sync #1846 (compositor=ready latestFrame=362)
[2026-10-04 23:27:13.636] [INFO ] [preview   ] VideoView sync #1850 (compositor=ready latestFrame=363)
[2026-10-04 23:27:13.686] [INFO ] [preview   ] VideoView sync #1855 (compositor=ready latestFrame=364)
[2026-10-04 23:27:13.736] [INFO ] [preview   ] VideoView sync #1860 (compositor=ready latestFrame=365)
[2026-10-04 23:27:13.786] [INFO ] [preview   ] VideoView sync #1865 (compositor=ready latestFrame=366)
[2026-10-04 23:27:13.836] [INFO ] [preview   ] VideoView sync #1870 (compositor=ready latestFrame=367)
[2026-10-04 23:27:13.876] [INFO ] [preview   ] VideoView sync #1874 (compositor=ready latestFrame=368)
[2026-10-04 23:27:13.946] [INFO ] [preview   ] VideoView sync #1881 (compositor=ready latestFrame=369)
[2026-10-04 23:27:13.995] [INFO ] [preview   ] VideoView sync #1886 (compositor=ready latestFrame=370)
[2026-10-04 23:27:14.035] [INFO ] [preview   ] VideoView sync #1890 (compositor=ready latestFrame=371)
[2026-10-04 23:27:14.085] [INFO ] [preview   ] VideoView sync #1895 (compositor=ready latestFrame=372)
[2026-10-04 23:27:14.135] [INFO ] [preview   ] VideoView sync #1900 (compositor=ready latestFrame=373)
[2026-10-04 23:27:14.185] [INFO ] [preview   ] VideoView sync #1905 (compositor=ready latestFrame=374)
[2026-10-04 23:27:14.235] [INFO ] [preview   ] VideoView sync #1910 (compositor=ready latestFrame=375)
[2026-10-04 23:27:14.275] [INFO ] [preview   ] VideoView sync #1914 (compositor=ready latestFrame=376)
[2026-10-04 23:27:14.345] [INFO ] [preview   ] VideoView sync #1921 (compositor=ready latestFrame=377)
[2026-10-04 23:27:14.395] [INFO ] [preview   ] VideoView sync #1926 (compositor=ready latestFrame=378)
[2026-10-04 23:27:14.435] [INFO ] [preview   ] VideoView sync #1930 (compositor=ready latestFrame=379)
[2026-10-04 23:27:14.485] [INFO ] [preview   ] VideoView sync #1935 (compositor=ready latestFrame=380)
[2026-10-04 23:27:14.535] [INFO ] [preview   ] VideoView sync #1940 (compositor=ready latestFrame=381)
[2026-10-04 23:27:14.585] [INFO ] [preview   ] VideoView sync #1945 (compositor=ready latestFrame=382)
[2026-10-04 23:27:14.635] [INFO ] [preview   ] VideoView sync #1950 (compositor=ready latestFrame=383)
[2026-10-04 23:27:14.685] [INFO ] [preview   ] VideoView sync #1955 (compositor=ready latestFrame=384)
[2026-10-04 23:27:14.745] [INFO ] [preview   ] VideoView sync #1961 (compositor=ready latestFrame=385)
[2026-10-04 23:27:14.795] [INFO ] [preview   ] VideoView sync #1966 (compositor=ready latestFrame=386)
[2026-10-04 23:27:14.835] [INFO ] [preview   ] VideoView sync #1970 (compositor=ready latestFrame=387)
[2026-10-04 23:27:14.885] [INFO ] [preview   ] VideoView sync #1975 (compositor=ready latestFrame=388)
[2026-10-04 23:27:14.895] [INFO ] [app       ] ui-heartbeat: main thread alive
[2026-10-04 23:27:14.935] [INFO ] [preview   ] VideoView sync #1980 (compositor=ready latestFrame=389)
[2026-10-04 23:27:14.985] [INFO ] [preview   ] VideoView sync #1985 (compositor=ready latestFrame=390)
[2026-10-04 23:27:15.035] [INFO ] [preview   ] VideoView sync #1990 (compositor=ready latestFrame=391)
[2026-10-04 23:27:15.075] [INFO ] [preview   ] VideoView sync #1994 (compositor=ready latestFrame=392)
[2026-10-04 23:27:15.145] [INFO ] [preview   ] VideoView sync #2001 (compositor=ready latestFrame=393)
[2026-10-04 23:27:15.195] [INFO ] [preview   ] VideoView sync #2006 (compositor=ready latestFrame=394)
[2026-10-04 23:27:15.235] [INFO ] [preview   ] VideoView sync #2010 (compositor=ready latestFrame=395)
[2026-10-04 23:27:15.285] [INFO ] [preview   ] VideoView sync #2015 (compositor=ready latestFrame=396)
[2026-10-04 23:27:15.335] [INFO ] [preview   ] VideoView sync #2020 (compositor=ready latestFrame=397)
[2026-10-04 23:27:15.385] [INFO ] [preview   ] VideoView sync #2025 (compositor=ready latestFrame=398)
[2026-10-04 23:27:15.435] [INFO ] [preview   ] VideoView sync #2030 (compositor=ready latestFrame=399)
[2026-10-04 23:27:15.495] [INFO ] [preview   ] VideoView sync #2036 (compositor=ready latestFrame=400)
[2026-10-04 23:27:15.545] [INFO ] [preview   ] VideoView sync #2041 (compositor=ready latestFrame=401)
[2026-10-04 23:27:15.595] [INFO ] [preview   ] VideoView sync #2046 (compositor=ready latestFrame=402)
[2026-10-04 23:27:15.635] [INFO ] [preview   ] VideoView sync #2050 (compositor=ready latestFrame=403)
[2026-10-04 23:27:15.655] [INFO ] [beauty    ] stats: submitted=403 processed=48 discarded=0 faces=1 gate=ON smoothing=0.72 whitening=0.53 rosy=0 sharpen=0 failures=0 readbackMs=2 sdkMs=622 uploadMs=1
[2026-10-04 23:27:15.684] [INFO ] [preview   ] VideoView sync #2055 (compositor=ready latestFrame=404)
[2026-10-04 23:27:15.735] [INFO ] [preview   ] VideoView sync #2060 (compositor=ready latestFrame=405)
[2026-10-04 23:27:15.785] [INFO ] [preview   ] VideoView sync #2065 (compositor=ready latestFrame=406)
[2026-10-04 23:27:15.834] [INFO ] [preview   ] VideoView sync #2070 (compositor=ready latestFrame=407)
[2026-10-04 23:27:15.894] [INFO ] [preview   ] VideoView sync #2076 (compositor=ready latestFrame=408)
[2026-10-04 23:27:15.945] [INFO ] [preview   ] VideoView sync #2081 (compositor=ready latestFrame=409)
[2026-10-04 23:27:15.994] [INFO ] [preview   ] VideoView sync #2086 (compositor=ready latestFrame=410)
[2026-10-04 23:27:16.034] [INFO ] [preview   ] VideoView sync #2090 (compositor=ready latestFrame=411)
[2026-10-04 23:27:16.085] [INFO ] [preview   ] VideoView sync #2095 (compositor=ready latestFrame=412)
[2026-10-04 23:27:16.134] [INFO ] [preview   ] VideoView sync #2100 (compositor=ready latestFrame=413)
[2026-10-04 23:27:16.184] [INFO ] [preview   ] VideoView sync #2105 (compositor=ready latestFrame=414)
[2026-10-04 23:27:16.234] [INFO ] [preview   ] VideoView sync #2110 (compositor=ready latestFrame=415)
[2026-10-04 23:27:16.294] [INFO ] [preview   ] VideoView sync #2116 (compositor=ready latestFrame=416)
[2026-10-04 23:27:16.344] [INFO ] [preview   ] VideoView sync #2121 (compositor=ready latestFrame=417)
[2026-10-04 23:27:16.394] [INFO ] [preview   ] VideoView sync #2126 (compositor=ready latestFrame=418)
[2026-10-04 23:27:16.434] [INFO ] [preview   ] VideoView sync #2130 (compositor=ready latestFrame=419)
[2026-10-04 23:27:16.484] [INFO ] [preview   ] VideoView sync #2135 (compositor=ready latestFrame=420)
[2026-10-04 23:27:16.534] [INFO ] [preview   ] VideoView sync #2140 (compositor=ready latestFrame=421)
[2026-10-04 23:27:16.584] [INFO ] [preview   ] VideoView sync #2145 (compositor=ready latestFrame=422)
[2026-10-04 23:27:16.644] [INFO ] [preview   ] VideoView sync #2151 (compositor=ready latestFrame=423)
[2026-10-04 23:27:16.694] [INFO ] [preview   ] VideoView sync #2156 (compositor=ready latestFrame=424)
[2026-10-04 23:27:16.744] [INFO ] [preview   ] VideoView sync #2161 (compositor=ready latestFrame=425)
[2026-10-04 23:27:16.794] [INFO ] [preview   ] VideoView sync #2166 (compositor=ready latestFrame=426)
[2026-10-04 23:27:16.834] [INFO ] [preview   ] VideoView sync #2170 (compositor=ready latestFrame=427)
[2026-10-04 23:27:16.884] [INFO ] [preview   ] VideoView sync #2175 (compositor=ready latestFrame=428)
[2026-10-04 23:27:16.934] [INFO ] [preview   ] VideoView sync #2180 (compositor=ready latestFrame=429)
[2026-10-04 23:27:16.984] [INFO ] [preview   ] VideoView sync #2185 (compositor=ready latestFrame=430)
[2026-10-04 23:27:17.044] [INFO ] [preview   ] VideoView sync #2191 (compositor=ready latestFrame=431)
[2026-10-04 23:27:17.095] [INFO ] [preview   ] VideoView sync #2196 (compositor=ready latestFrame=432)
[2026-10-04 23:27:17.144] [INFO ] [preview   ] VideoView sync #2201 (compositor=ready latestFrame=433)
[2026-10-04 23:27:17.195] [INFO ] [preview   ] VideoView sync #2206 (compositor=ready latestFrame=434)
[2026-10-04 23:27:17.244] [INFO ] [preview   ] VideoView sync #2211 (compositor=ready latestFrame=435)
[2026-10-04 23:27:17.286] [INFO ] [preview   ] VideoView sync #2215 (compositor=ready latestFrame=436)
[2026-10-04 23:27:17.334] [INFO ] [preview   ] VideoView sync #2220 (compositor=ready latestFrame=437)
[2026-10-04 23:27:17.384] [INFO ] [preview   ] VideoView sync #2225 (compositor=ready latestFrame=438)
[2026-10-04 23:27:17.444] [INFO ] [preview   ] VideoView sync #2231 (compositor=ready latestFrame=439)
[2026-10-04 23:27:17.494] [INFO ] [preview   ] VideoView sync #2236 (compositor=ready latestFrame=440)
[2026-10-04 23:27:17.544] [INFO ] [preview   ] VideoView sync #2241 (compositor=ready latestFrame=441)
[2026-10-04 23:27:17.594] [INFO ] [preview   ] VideoView sync #2246 (compositor=ready latestFrame=442)
[2026-10-04 23:27:17.644] [INFO ] [preview   ] VideoView sync #2251 (compositor=ready latestFrame=443)
[2026-10-04 23:27:17.683] [INFO ] [preview   ] VideoView sync #2255 (compositor=ready latestFrame=444)
[2026-10-04 23:27:17.734] [INFO ] [preview   ] VideoView sync #2260 (compositor=ready latestFrame=445)
[2026-10-04 23:27:17.784] [INFO ] [preview   ] VideoView sync #2265 (compositor=ready latestFrame=446)
[2026-10-04 23:27:17.844] [INFO ] [preview   ] VideoView sync #2271 (compositor=ready latestFrame=447)
[2026-10-04 23:27:17.894] [INFO ] [preview   ] VideoView sync #2276 (compositor=ready latestFrame=448)
[2026-10-04 23:27:17.943] [INFO ] [preview   ] VideoView sync #2281 (compositor=ready latestFrame=449)
[2026-10-04 23:27:17.994] [INFO ] [preview   ] VideoView sync #2286 (compositor=ready latestFrame=450)
[2026-10-04 23:27:18.044] [INFO ] [preview   ] VideoView sync #2291 (compositor=ready latestFrame=451)
[2026-10-04 23:27:18.083] [INFO ] [preview   ] VideoView sync #2295 (compositor=ready latestFrame=452)
[2026-10-04 23:27:18.133] [INFO ] [preview   ] VideoView sync #2300 (compositor=ready latestFrame=453)
[2026-10-04 23:27:18.203] [INFO ] [preview   ] VideoView sync #2307 (compositor=ready latestFrame=454)
[2026-10-04 23:27:18.243] [INFO ] [preview   ] VideoView sync #2311 (compositor=ready latestFrame=455)
[2026-10-04 23:27:18.293] [INFO ] [preview   ] VideoView sync #2316 (compositor=ready latestFrame=456)
[2026-10-04 23:27:18.343] [INFO ] [preview   ] VideoView sync #2321 (compositor=ready latestFrame=457)
[2026-10-04 23:27:18.393] [INFO ] [preview   ] VideoView sync #2326 (compositor=ready latestFrame=458)
[2026-10-04 23:27:18.443] [INFO ] [preview   ] VideoView sync #2331 (compositor=ready latestFrame=459)
[2026-10-04 23:27:18.483] [INFO ] [preview   ] VideoView sync #2335 (compositor=ready latestFrame=460)
[2026-10-04 23:27:18.533] [INFO ] [preview   ] VideoView sync #2340 (compositor=ready latestFrame=461)
[2026-10-04 23:27:18.603] [INFO ] [preview   ] VideoView sync #2347 (compositor=ready latestFrame=462)
[2026-10-04 23:27:18.643] [INFO ] [preview   ] VideoView sync #2351 (compositor=ready latestFrame=463)
[2026-10-04 23:27:18.693] [INFO ] [preview   ] VideoView sync #2356 (compositor=ready latestFrame=464)
[2026-10-04 23:27:18.743] [INFO ] [preview   ] VideoView sync #2361 (compositor=ready latestFrame=465)
[2026-10-04 23:27:18.793] [INFO ] [preview   ] VideoView sync #2366 (compositor=ready latestFrame=466)
[2026-10-04 23:27:18.843] [INFO ] [preview   ] VideoView sync #2371 (compositor=ready latestFrame=467)
[2026-10-04 23:27:18.883] [INFO ] [preview   ] VideoView sync #2375 (compositor=ready latestFrame=468)
[2026-10-04 23:27:18.933] [INFO ] [preview   ] VideoView sync #2380 (compositor=ready latestFrame=469)
[2026-10-04 23:27:19.003] [INFO ] [preview   ] VideoView sync #2387 (compositor=ready latestFrame=470)
[2026-10-04 23:27:19.043] [INFO ] [preview   ] VideoView sync #2391 (compositor=ready latestFrame=471)
[2026-10-04 23:27:19.093] [INFO ] [preview   ] VideoView sync #2396 (compositor=ready latestFrame=472)
[2026-10-04 23:27:19.143] [INFO ] [preview   ] VideoView sync #2401 (compositor=ready latestFrame=473)
[2026-10-04 23:27:19.193] [INFO ] [preview   ] VideoView sync #2406 (compositor=ready latestFrame=474)
[2026-10-04 23:27:19.243] [INFO ] [preview   ] VideoView sync #2411 (compositor=ready latestFrame=475)
[2026-10-04 23:27:19.283] [INFO ] [preview   ] VideoView sync #2415 (compositor=ready latestFrame=476)
[2026-10-04 23:27:19.353] [INFO ] [preview   ] VideoView sync #2422 (compositor=ready latestFrame=477)
[2026-10-04 23:27:19.403] [INFO ] [preview   ] VideoView sync #2427 (compositor=ready latestFrame=478)
[2026-10-04 23:27:19.443] [INFO ] [preview   ] VideoView sync #2431 (compositor=ready latestFrame=479)
[2026-10-04 23:27:19.492] [INFO ] [preview   ] VideoView sync #2436 (compositor=ready latestFrame=480)
[2026-10-04 23:27:19.543] [INFO ] [preview   ] VideoView sync #2441 (compositor=ready latestFrame=481)
[2026-10-04 23:27:19.593] [INFO ] [preview   ] VideoView sync #2446 (compositor=ready latestFrame=482)
[2026-10-04 23:27:19.643] [INFO ] [preview   ] VideoView sync #2451 (compositor=ready latestFrame=483)
[2026-10-04 23:27:19.683] [INFO ] [preview   ] VideoView sync #2455 (compositor=ready latestFrame=484)
[2026-10-04 23:27:19.753] [INFO ] [preview   ] VideoView sync #2462 (compositor=ready latestFrame=485)
[2026-10-04 23:27:19.803] [INFO ] [preview   ] VideoView sync #2467 (compositor=ready latestFrame=486)
[2026-10-04 23:27:19.843] [INFO ] [preview   ] VideoView sync #2471 (compositor=ready latestFrame=487)
[2026-10-04 23:27:19.893] [INFO ] [preview   ] VideoView sync #2476 (compositor=ready latestFrame=488)
[2026-10-04 23:27:19.893] [INFO ] [app       ] ui-heartbeat: main thread alive
[2026-10-04 23:27:19.943] [INFO ] [preview   ] VideoView sync #2481 (compositor=ready latestFrame=489)
[2026-10-04 23:27:19.992] [INFO ] [preview   ] VideoView sync #2486 (compositor=ready latestFrame=490)
[2026-10-04 23:27:20.042] [INFO ] [preview   ] VideoView sync #2491 (compositor=ready latestFrame=491)
[2026-10-04 23:27:20.083] [INFO ] [preview   ] VideoView sync #2495 (compositor=ready latestFrame=492)
[2026-10-04 23:27:20.152] [INFO ] [preview   ] VideoView sync #2502 (compositor=ready latestFrame=493)
[2026-10-04 23:27:20.202] [INFO ] [preview   ] VideoView sync #2507 (compositor=ready latestFrame=494)
[2026-10-04 23:27:20.252] [INFO ] [preview   ] VideoView sync #2512 (compositor=ready latestFrame=495)
[2026-10-04 23:27:20.293] [INFO ] [preview   ] VideoView sync #2516 (compositor=ready latestFrame=496)
[2026-10-04 23:27:20.342] [INFO ] [preview   ] VideoView sync #2521 (compositor=ready latestFrame=497)
[2026-10-04 23:27:20.392] [INFO ] [preview   ] VideoView sync #2526 (compositor=ready latestFrame=498)
[2026-10-04 23:27:20.442] [INFO ] [preview   ] VideoView sync #2531 (compositor=ready latestFrame=499)
[2026-10-04 23:27:20.492] [INFO ] [preview   ] VideoView sync #2536 (compositor=ready latestFrame=500)
[2026-10-04 23:27:20.552] [INFO ] [preview   ] VideoView sync #2542 (compositor=ready latestFrame=501)
[2026-10-04 23:27:20.602] [INFO ] [preview   ] VideoView sync #2547 (compositor=ready latestFrame=502)
[2026-10-04 23:27:20.652] [INFO ] [preview   ] VideoView sync #2552 (compositor=ready latestFrame=503)
[2026-10-04 23:27:20.692] [INFO ] [preview   ] VideoView sync #2556 (compositor=ready latestFrame=504)
[2026-10-04 23:27:20.742] [INFO ] [preview   ] VideoView sync #2561 (compositor=ready latestFrame=505)
[2026-10-04 23:27:20.752] [INFO ] [beauty    ] stats: submitted=505 processed=60 discarded=0 faces=1 gate=ON smoothing=0.72 whitening=0.53 rosy=0.15 sharpen=0 failures=0 readbackMs=6 sdkMs=410 uploadMs=1
[2026-10-04 23:27:20.792] [INFO ] [preview   ] VideoView sync #2566 (compositor=ready latestFrame=506)
[2026-10-04 23:27:20.842] [INFO ] [preview   ] VideoView sync #2571 (compositor=ready latestFrame=507)
[2026-10-04 23:27:20.902] [INFO ] [preview   ] VideoView sync #2577 (compositor=ready latestFrame=508)
[2026-10-04 23:27:20.952] [INFO ] [preview   ] VideoView sync #2582 (compositor=ready latestFrame=509)
[2026-10-04 23:27:21.002] [INFO ] [preview   ] VideoView sync #2587 (compositor=ready latestFrame=510)
[2026-10-04 23:27:21.052] [INFO ] [preview   ] VideoView sync #2592 (compositor=ready latestFrame=511)
[2026-10-04 23:27:21.092] [INFO ] [preview   ] VideoView sync #2596 (compositor=ready latestFrame=512)
[2026-10-04 23:27:21.142] [INFO ] [preview   ] VideoView sync #2601 (compositor=ready latestFrame=513)
[2026-10-04 23:27:21.192] [INFO ] [preview   ] VideoView sync #2606 (compositor=ready latestFrame=514)
[2026-10-04 23:27:21.242] [INFO ] [preview   ] VideoView sync #2611 (compositor=ready latestFrame=515)
[2026-10-04 23:27:21.302] [INFO ] [preview   ] VideoView sync #2617 (compositor=ready latestFrame=516)
[2026-10-04 23:27:21.352] [INFO ] [preview   ] VideoView sync #2622 (compositor=ready latestFrame=517)
[2026-10-04 23:27:21.402] [INFO ] [preview   ] VideoView sync #2627 (compositor=ready latestFrame=518)
[2026-10-04 23:27:21.452] [INFO ] [preview   ] VideoView sync #2632 (compositor=ready latestFrame=519)
[2026-10-04 23:27:21.492] [INFO ] [preview   ] VideoView sync #2636 (compositor=ready latestFrame=520)
[2026-10-04 23:27:21.542] [INFO ] [preview   ] VideoView sync #2641 (compositor=ready latestFrame=521)
[2026-10-04 23:27:21.592] [INFO ] [preview   ] VideoView sync #2646 (compositor=ready latestFrame=522)
[2026-10-04 23:27:21.642] [INFO ] [preview   ] VideoView sync #2651 (compositor=ready latestFrame=523)
[2026-10-04 23:27:21.702] [INFO ] [preview   ] VideoView sync #2657 (compositor=ready latestFrame=524)
[2026-10-04 23:27:21.751] [INFO ] [preview   ] VideoView sync #2662 (compositor=ready latestFrame=525)
[2026-10-04 23:27:21.802] [INFO ] [preview   ] VideoView sync #2667 (compositor=ready latestFrame=526)
[2026-10-04 23:27:21.851] [INFO ] [preview   ] VideoView sync #2672 (compositor=ready latestFrame=527)
[2026-10-04 23:27:21.891] [INFO ] [preview   ] VideoView sync #2676 (compositor=ready latestFrame=528)
[2026-10-04 23:27:21.942] [INFO ] [preview   ] VideoView sync #2681 (compositor=ready latestFrame=529)
[2026-10-04 23:27:21.992] [INFO ] [preview   ] VideoView sync #2686 (compositor=ready latestFrame=530)
[2026-10-04 23:27:22.160] [INFO ] [preview   ] VideoView sync #2692 (compositor=ready latestFrame=533)
[2026-10-04 23:27:22.195] [INFO ] [engine    ] Engine thread stopped
[2026-10-04 23:27:22.507] [INFO ] [camera    ] Camera stopped
[2026-10-04 23:27:22.543] [INFO ] [effects   ] Effect pipeline shut down
[2026-10-04 23:27:22.543] [INFO ] [camera    ] Camera stopped
[2026-10-04 23:27:22.543] [INFO ] [camera    ] Camera stopped
[2026-10-04 23:27:22.543] [INFO ] [app       ] Shutdown complete
